[{
	"_id": {
		"$oid": "60df31bcbe2b48bd3695c055"
	},
	"type": "project",
	"name": "test_project",
	"data": {
		"code": "test_project",
		"library_project": false,
		"clipIn": 1,
		"clipOut": 1,
		"fps": 25.0,
		"frameEnd": 1001,
		"frameStart": 1001,
		"handleEnd": 0,
		"handleStart": 0,
		"pixelAspect": 1.0,
		"resolutionHeight": 1080,
		"resolutionWidth": 1920,
		"tools_env": []
	},
	"schema": "openpype:project-3.0",
	"config": {
		"apps": [
			{
				"name": "maya/2020"
			},
			{
				"name": "nuke/12-2"
			},
			{
				"name": "nukex/12-2"
			},
			{
				"name": "hiero/12-2"
			},
			{
				"name": "resolve/stable"
			},
			{
				"name": "houdini/18-5"
			},
			{
				"name": "blender/2-91"
			},
			{
				"name": "harmony/20"
			},
			{
				"name": "photoshop/2020"
			},
			{
				"name": "aftereffects/2021"
			},
			{
				"name": "unreal/4-26"
			}
		],
		"imageio": {
			"hiero": {
				"workfile": {
					"ocioConfigName": "nuke-default",
					"ocioconfigpath": {
						"windows": [],
						"darwin": [],
						"linux": []
					},
					"workingSpace": "linear",
					"sixteenBitLut": "sRGB",
					"eightBitLut": "sRGB",
					"floatLut": "linear",
					"logLut": "Cineon",
					"viewerLut": "sRGB",
					"thumbnailLut": "sRGB"
				},
				"regexInputs": {
					"inputs": [
						{
							"regex": "[^-a-zA-Z0-9](plateRef).*(?=mp4)",
							"colorspace": "sRGB"
						}
					]
				},
				"__overriden_keys__": [
					"workfile",
					"regexInputs"
				]
			},
			"nuke": {
				"viewer": {
					"viewerProcess": "sRGB"
				},
				"workfile": {
					"colorManagement": "Nuke",
					"OCIO_config": "nuke-default",
					"customOCIOConfigPath": {
						"windows": [],
						"darwin": [],
						"linux": []
					},
					"workingSpaceLUT": "linear",
					"monitorLut": "sRGB",
					"int8Lut": "sRGB",
					"int16Lut": "sRGB",
					"logLut": "Cineon",
					"floatLut": "linear"
				},
				"nodes": {
					"requiredNodes": [
						{
							"plugins": [
								"CreateWriteRender"
							],
							"nukeNodeClass": "Write",
							"knobs": [
								{
									"name": "file_type",
									"value": "exr"
								},
								{
									"name": "datatype",
									"value": "16 bit half"
								},
								{
									"name": "compression",
									"value": "Zip (1 scanline)"
								},
								{
									"name": "autocrop",
									"value": "True"
								},
								{
									"name": "tile_color",
									"value": "0xff0000ff"
								},
								{
									"name": "channels",
									"value": "rgb"
								},
								{
									"name": "colorspace",
									"value": "linear"
								},
								{
									"name": "create_directories",
									"value": "True"
								}
							]
						},
						{
							"plugins": [
								"CreateWritePrerender"
							],
							"nukeNodeClass": "Write",
							"knobs": [
								{
									"name": "file_type",
									"value": "exr"
								},
								{
									"name": "datatype",
									"value": "16 bit half"
								},
								{
									"name": "compression",
									"value": "Zip (1 scanline)"
								},
								{
									"name": "autocrop",
									"value": "False"
								},
								{
									"name": "tile_color",
									"value": "0xadab1dff"
								},
								{
									"name": "channels",
									"value": "rgb"
								},
								{
									"name": "colorspace",
									"value": "linear"
								},
								{
									"name": "create_directories",
									"value": "True"
								}
							]
						}
					],
					"customNodes": [],
					"overrideNodes": []
				},
				"regexInputs": {
					"inputs": [
						{
							"regex": "[^-a-zA-Z0-9]beauty[^-a-zA-Z0-9]",
							"colorspace": "linear"
						}
					]
				},
				"__overriden_keys__": [
					"viewer",
					"workfile",
					"nodes",
					"regexInputs"
				]
			}
		},
		"roots": {
			"work": {
				"windows": "C:\\Users\\TOKEJE~1\\AppData\\Local\\Temp\\tmpry_wft3l\\output",
				"darwin": "/Volumes/path",
				"linux": "/mnt/share/projects"
			}
		},
		"tasks": {
			"Generic": {
				"short_name": "gener"
			},
			"Art": {
				"short_name": "art"
			},
			"Modeling": {
				"short_name": "mdl"
			},
			"Texture": {
				"short_name": "tex"
			},
			"Lookdev": {
				"short_name": "look"
			},
			"Rigging": {
				"short_name": "rig"
			},
			"Edit": {
				"short_name": "edit"
			},
			"Layout": {
				"short_name": "lay"
			},
			"Setdress": {
				"short_name": "dress"
			},
			"Animation": {
				"short_name": "anim"
			},
			"FX": {
				"short_name": "fx"
			},
			"Lighting": {
				"short_name": "lgt"
			},
			"Paint": {
				"short_name": "paint"
			},
			"Compositing": {
				"short_name": "comp"
			}
		},
		"templates": {
			"defaults": {
				"version_padding": 3,
				"version": "v{version:0>{@version_padding}}",
				"frame_padding": 4,
				"frame": "{frame:0>{@frame_padding}}"
			},
			"work": {
				"folder": "{root[work]}/{project[name]}/{hierarchy}/{asset}/work/{task}",
				"file": "{project[code]}_{asset}_{task}_{@version}<_{comment}>.{ext}",
				"path": "{@folder}/{@file}"
			},
			"render": {
				"folder": "{root[work]}/{project[name]}/{hierarchy}/{asset}/publish/{family}/{subset}/{@version}",
				"file": "{project[code]}_{asset}_{subset}_{@version}<_{output}><.{@frame}>.{ext}",
				"path": "{@folder}/{@file}"
			},
			"publish": {
				"folder": "{root[work]}/{project[name]}/{hierarchy}/{asset}/publish/{family}/{subset}/{@version}",
				"file": "{project[code]}_{asset}_{subset}_{@version}<_{output}><.{@frame}>.{ext}",
				"path": "{@folder}/{@file}",
				"thumbnail": "{thumbnail_root}/{project[name]}/{_id}_{thumbnail_type}.{ext}"
			},
			"hero": {
				"folder": "{root[work]}/{project[name]}/{hierarchy}/{asset}/publish/{family}/{subset}/hero",
				"file": "{project[code]}_{asset}_{subset}_hero<_{output}><.{frame}>.{ext}",
				"path": "{@folder}/{@file}"
			},
			"delivery": {
				"test_delivery": "{root[work]}/{project[name]}/{hierarchy}/{asset}/publish/{family}/{subset}/{@version}/{project[code]}_{asset}_{subset}_{@version}<_{output}><.{frame}>.{ext}"
			},
			"others": {}
		}
	}
},
{
	"_id": {
		"$oid": "60df31e2be2b48bd3695c056"
	},
	"name": "test_asset",
	"type": "asset",
	"schema": "openpype:asset-3.0",
	"data": {
		"parents": [],
		"visualParent": null,
		"tasks": {
			"test_task": {
				"type": "Generic"
			}
		},
		"fps": 25.0,
		"resolutionWidth": 1920,
		"resolutionHeight": 1080,
		"pixelAspect": 1.0,
		"frameStart": 1001,
		"handleStart": 0,
		"frameEnd": 1001,
		"clipOut": 1,
		"clipIn": 1,
		"tools_env": [],
		"handleEnd": 0,
		"thumbnail_id": {
			"$oid": "65703122999741dc938742c8"
		}
	},
	"parent": {
		"$oid": "60df31bcbe2b48bd3695c055"
	}
},
{
	"_id": {
		"$oid": "65703122999741dc938742b9"
	},
	"schema": "openpype:subset-3.0",
	"type": "subset",
	"name": "modelMain",
	"data": {
		"families": [
			"model"
		],
		"family": "model"
	},
	"parent": {
		"$oid": "60df31e2be2b48bd3695c056"
	}
},
{
	"_id": {
		"$oid": "65703122999741dc938742bb"
	},
	"schema": "openpype:version-3.0",
	"type": "version",
	"name": 1,
	"parent": {
		"$oid": "65703122999741dc938742b9"
	},
	"data": {
		"families": [
			"model"
		],
		"time": "20231206T083026Z",
		"author": "tokejepsen",
		"source": "{root[work]}/test_project/test_asset/work/test_task/test_project_test_asset_test_task_v001.ma",
		"comment": "",
		"machine": "DESKTOP-969549J",
		"fps": 25.0,
		"frameStart": 1001.0,
		"frameEnd": 1001.0,
		"inputLinks": [
			{
				"type": "generative",
				"id": {
					"$oid": "65703122999741dc938742c4"
				},
				"linkedBy": "publish"
			}
		]
	}
},
{
	"_id": {
		"$oid": "65703122999741dc938742bc"
	},
	"schema": "openpype:representation-2.0",
	"type": "representation",
	"parent": {
		"$oid": "65703122999741dc938742bb"
	},
	"name": "ma",
	"data": {
		"path": "C:\\Users\\TOKEJE~1\\AppData\\Local\\Temp\\tmpry_wft3l\\output\\test_project\\test_asset\\publish\\model\\modelMain\\v001\\test_project_test_asset_modelMain_v001.ma",
		"template": "{root[work]}\\{project[name]}\\{hierarchy}\\{asset}\\publish\\{family}\\{subset}\\v{version:0>3}\\{project[code]}_{asset}_{subset}_v{version:0>3}<_{output}><.{frame:0>4}>.{ext}"
	},
	"context": {
		"root": {
			"work": "C:\\Users\\TOKEJE~1\\AppData\\Local\\Temp\\tmpry_wft3l\\output"
		},
		"project": {
			"name": "test_project",
			"code": "test_project"
		},
		"hierarchy": "",
		"asset": "test_asset",
		"family": "model",
		"subset": "modelMain",
		"version": 1,
		"ext": "ma",
		"task": {
			"name": "test_task",
			"type": "Generic",
			"short": "gener"
		},
		"representation": "ma",
		"username": "tokejepsen",
		"user": "tokejepsen"
	},
	"files": [
		{
			"_id": {
				"$oid": "65703122999741dc938742be"
			},
			"path": "{root[work]}/test_project/test_asset/publish/model/modelMain/v001/test_project_test_asset_modelMain_v001.ma",
			"size": 52238,
			"hash": "test_project_test_asset_modelMain_v001,ma|1701851426,4915476|52238",
			"sites": [
				{
					"name": "studio",
					"created_dt": {
						"$date": "2023-12-06T08:30:26.648Z"
					}
				}
			]
		}
	]
},
{
	"_id": {
		"$oid": "65703122999741dc938742bd"
	},
	"schema": "openpype:representation-2.0",
	"type": "representation",
	"parent": {
		"$oid": "65703122999741dc938742bb"
	},
	"name": "abc",
	"data": {
		"path": "C:\\Users\\TOKEJE~1\\AppData\\Local\\Temp\\tmpry_wft3l\\output\\test_project\\test_asset\\publish\\model\\modelMain\\v001\\test_project_test_asset_modelMain_v001.abc",
		"template": "{root[work]}\\{project[name]}\\{hierarchy}\\{asset}\\publish\\{family}\\{subset}\\v{version:0>3}\\{project[code]}_{asset}_{subset}_v{version:0>3}<_{output}><.{frame:0>4}>.{ext}"
	},
	"context": {
		"root": {
			"work": "C:\\Users\\TOKEJE~1\\AppData\\Local\\Temp\\tmpry_wft3l\\output"
		},
		"project": {
			"name": "test_project",
			"code": "test_project"
		},
		"hierarchy": "",
		"asset": "test_asset",
		"family": "model",
		"subset": "modelMain",
		"version": 1,
		"ext": "abc",
		"task": {
			"name": "test_task",
			"type": "Generic",
			"short": "gener"
		},
		"representation": "abc",
		"username": "tokejepsen",
		"user": "tokejepsen"
	},
	"files": [
		{
			"_id": {
				"$oid": "65703122999741dc938742c0"
			},
			"path": "{root[work]}/test_project/test_asset/publish/model/modelMain/v001/test_project_test_asset_modelMain_v001.abc",
			"size": 24787,
			"hash": "test_project_test_asset_modelMain_v001,abc|1701851426,5967968|24787",
			"sites": [
				{
					"name": "studio",
					"created_dt": {
						"$date": "2023-12-06T08:30:26.648Z"
					}
				}
			]
		}
	]
},
{
	"_id": {
		"$oid": "65703122999741dc938742c2"
	},
	"schema": "openpype:subset-3.0",
	"type": "subset",
	"name": "workfileTest_task",
	"data": {
		"families": [
			"workfile"
		],
		"family": "workfile"
	},
	"parent": {
		"$oid": "60df31e2be2b48bd3695c056"
	}
},
{
	"_id": {
		"$oid": "65703122999741dc938742c4"
	},
	"schema": "openpype:version-3.0",
	"type": "version",
	"name": 1,
	"parent": {
		"$oid": "65703122999741dc938742c2"
	},
	"data": {
		"families": [
			"workfile"
		],
		"time": "20231206T083026Z",
		"author": "tokejepsen",
		"source": "{root[work]}/test_project/test_asset/work/test_task/test_project_test_asset_test_task_v001.ma",
		"comment": "",
		"machine": "DESKTOP-969549J",
		"fps": 25.0,
		"frameStart": 1001,
		"frameEnd": 1001,
		"handleEnd": 0,
		"handleStart": 0,
		"thumbnail_id": {
			"$oid": "65703122999741dc938742c8"
		}
	}
},
{
	"_id": {
		"$oid": "65703122999741dc938742c5"
	},
	"schema": "openpype:representation-2.0",
	"type": "representation",
	"parent": {
		"$oid": "65703122999741dc938742c4"
	},
	"name": "ma",
	"data": {
		"path": "C:\\Users\\TOKEJE~1\\AppData\\Local\\Temp\\tmpry_wft3l\\output\\test_project\\test_asset\\publish\\workfile\\workfileTest_task\\v001\\test_project_test_asset_workfileTest_task_v001.ma",
		"template": "{root[work]}\\{project[name]}\\{hierarchy}\\{asset}\\publish\\{family}\\{subset}\\v{version:0>3}\\{project[code]}_{asset}_{subset}_v{version:0>3}<_{output}><.{frame:0>4}>.{ext}"
	},
	"context": {
		"root": {
			"work": "C:\\Users\\TOKEJE~1\\AppData\\Local\\Temp\\tmpry_wft3l\\output"
		},
		"project": {
			"name": "test_project",
			"code": "test_project"
		},
		"hierarchy": "",
		"asset": "test_asset",
		"family": "workfile",
		"subset": "workfileTest_task",
		"version": 1,
		"ext": "ma",
		"task": {
			"name": "test_task",
			"type": "Generic",
			"short": "gener"
		},
		"representation": "ma",
		"username": "tokejepsen",
		"user": "tokejepsen"
	},
	"files": [
		{
			"_id": {
				"$oid": "65703122999741dc938742c6"
			},
			"path": "{root[work]}/test_project/test_asset/publish/workfile/workfileTest_task/v001/test_project_test_asset_workfileTest_task_v001.ma",
			"size": 85678,
			"hash": "test_project_test_asset_workfileTest_task_v001,ma|1701851409,8956645|85678",
			"sites": [
				{
					"name": "studio",
					"created_dt": {
						"$date": "2023-12-06T08:30:26.665Z"
					}
				}
			]
		}
	]
},
{
	"_id": {
		"$oid": "65703122999741dc938742c8"
	},
	"type": "thumbnail",
	"schema": "openpype:thumbnail-1.0",
	"data": {
		"template": "{thumbnail_root}/{project[name]}/{_id}_{thumbnail_type}.{ext}",
		"template_data": {
			"thumbnail_root": "P:/PROJECTS/thumbnails",
			"project": {
				"name": "test_project",
				"code": "test_project"
			},
			"_id": "65703122999741dc938742c8",
			"thumbnail_type": "thumbnail",
			"ext": "jpg",
			"asset": "test_asset",
			"task": {
				"name": "test_task",
				"type": "Generic",
				"short": "gener"
			},
			"subset": "workfileTest_task",
			"version": 1
		}
	}
},
{
	"_id": {
		"$oid": "65703122999741dc938742c9"
	},
	"schema": "openpype:hero_version-1.0",
	"type": "hero_version",
	"version_id": {
		"$oid": "65703122999741dc938742bb"
	},
	"parent": {
		"$oid": "65703122999741dc938742b9"
	},
	"data": {}
},
{
	"_id": {
		"$oid": "65703122999741dc938742cc"
	},
	"schema": "openpype:representation-2.0",
	"type": "representation",
	"parent": {
		"$oid": "65703122999741dc938742c9"
	},
	"name": "ma",
	"data": {
		"path": "C:\\Users\\TOKEJE~1\\AppData\\Local\\Temp\\tmpry_wft3l\\output/test_project//test_asset/publish/model/modelMain/hero/test_project_test_asset_modelMain_hero.ma",
		"template": "{root[work]}/{project[name]}/{hierarchy}/{asset}/publish/{family}/{subset}/hero/{project[code]}_{asset}_{subset}_hero<_{output}><.{frame}>.{ext}"
	},
	"context": {
		"root": {
			"work": "C:\\Users\\TOKEJE~1\\AppData\\Local\\Temp\\tmpry_wft3l\\output"
		},
		"project": {
			"name": "test_project",
			"code": "test_project"
		},
		"hierarchy": "",
		"asset": "test_asset",
		"family": "model",
		"subset": "modelMain",
		"ext": "ma",
		"task": {
			"name": "test_task",
			"type": "Generic",
			"short": "gener"
		},
		"representation": "ma",
		"username": "tokejepsen",
		"user": "tokejepsen"
	},
	"files": [
		{
			"_id": {
				"$oid": "65703122999741dc938742be"
			},
			"path": "{root[work]}/test_project//test_asset/publish/model/modelMain/hero/test_project_test_asset_modelMain_hero.ma",
			"size": 52238,
			"hash": "test_project_test_asset_modelMain_hero,ma|1701851426,4915476|52238",
			"sites": [
				{
					"name": "studio",
					"created_dt": {
						"$date": "2023-12-06T08:30:26.648Z"
					}
				}
			]
		}
	]
},
{
	"_id": {
		"$oid": "65703122999741dc938742cf"
	},
	"schema": "openpype:representation-2.0",
	"type": "representation",
	"parent": {
		"$oid": "65703122999741dc938742c9"
	},
	"name": "abc",
	"data": {
		"path": "C:\\Users\\TOKEJE~1\\AppData\\Local\\Temp\\tmpry_wft3l\\output/test_project//test_asset/publish/model/modelMain/hero/test_project_test_asset_modelMain_hero.abc",
		"template": "{root[work]}/{project[name]}/{hierarchy}/{asset}/publish/{family}/{subset}/hero/{project[code]}_{asset}_{subset}_hero<_{output}><.{frame}>.{ext}"
	},
	"context": {
		"root": {
			"work": "C:\\Users\\TOKEJE~1\\AppData\\Local\\Temp\\tmpry_wft3l\\output"
		},
		"project": {
			"name": "test_project",
			"code": "test_project"
		},
		"hierarchy": "",
		"asset": "test_asset",
		"family": "model",
		"subset": "modelMain",
		"ext": "abc",
		"task": {
			"name": "test_task",
			"type": "Generic",
			"short": "gener"
		},
		"representation": "abc",
		"username": "tokejepsen",
		"user": "tokejepsen"
	},
	"files": [
		{
			"_id": {
				"$oid": "65703122999741dc938742c0"
			},
			"path": "{root[work]}/test_project//test_asset/publish/model/modelMain/hero/test_project_test_asset_modelMain_hero.abc",
			"size": 24787,
			"hash": "test_project_test_asset_modelMain_hero,abc|1701851426,5967968|24787",
			"sites": [
				{
					"name": "studio",
					"created_dt": {
						"$date": "2023-12-06T08:30:26.648Z"
					}
				}
			]
		}
	]
},
{
	"_id": {
		"$oid": "657031abbc7d7dcc4dfd95ec"
	},
	"schema": "openpype:subset-3.0",
	"type": "subset",
	"name": "renderTest_taskMain_beauty",
	"data": {
		"families": [
			"render",
			"review",
			"ftrack"
		],
		"subsetGroup": "renderTest_taskMain",
		"family": "render"
	},
	"parent": {
		"$oid": "60df31e2be2b48bd3695c056"
	}
},
{
	"_id": {
		"$oid": "657031abbc7d7dcc4dfd95ed"
	},
	"schema": "openpype:version-3.0",
	"type": "version",
	"name": 1,
	"parent": {
		"$oid": "657031abbc7d7dcc4dfd95ec"
	},
	"data": {
		"families": [
			"render",
			"review",
			"ftrack"
		],
		"time": "20231206T083241Z",
		"author": "tokejepsen",
		"source": "{root[work]}/test_project/test_asset/work/test_task/test_project_test_asset_test_task_v001.ma",
		"comment": "",
		"machine": "DESKTOP-969549J",
		"fps": 25.0,
		"frameStart": 1001,
		"frameEnd": 1001,
		"handleEnd": 0,
		"handleStart": 0
	}
},
{
	"_id": {
		"$oid": "657031abbc7d7dcc4dfd95ee"
	},
	"schema": "openpype:representation-2.0",
	"type": "representation",
	"parent": {
		"$oid": "657031abbc7d7dcc4dfd95ed"
	},
	"name": "exr",
	"data": {
		"path": "C:\\Users\\TOKEJE~1\\AppData\\Local\\Temp\\tmpry_wft3l\\output\\test_project\\test_asset\\publish\\render\\renderTest_taskMain_beauty\\v001\\test_project_test_asset_renderTest_taskMain_beauty_v001.exr",
		"template": "{root[work]}\\{project[name]}\\{hierarchy}\\{asset}\\publish\\{family}\\{subset}\\v{version:0>3}\\{project[code]}_{asset}_{subset}_v{version:0>3}<_{output}><.{frame:0>4}>.{ext}",
		"colorspaceData": {
			"colorspace": "scene-linear Rec 709/sRGB",
			"config": {
				"path": "C:/Program Files/Autodesk/Maya2024/resources/OCIO-configs/Maya-legacy/config.ocio",
				"template": "C:/Program Files/Autodesk/Maya2024/resources/OCIO-configs/Maya-legacy/config.ocio"
			},
			"display": "legacy",
			"view": "sRGB gamma"
		}
	},
	"context": {
		"root": {
			"work": "C:\\Users\\TOKEJE~1\\AppData\\Local\\Temp\\tmpry_wft3l\\output"
		},
		"project": {
			"name": "test_project",
			"code": "test_project"
		},
		"hierarchy": "",
		"asset": "test_asset",
		"family": "render",
		"subset": "renderTest_taskMain_beauty",
		"version": 1,
		"ext": "exr",
		"task": {
			"name": "test_task",
			"type": "Generic",
			"short": "gener"
		},
		"representation": "exr",
		"username": "tokejepsen",
		"user": "tokejepsen"
	},
	"files": [
		{
			"_id": {
				"$oid": "657031abbc7d7dcc4dfd95f1"
			},
			"path": "{root[work]}/test_project/test_asset/publish/render/renderTest_taskMain_beauty/v001/test_project_test_asset_renderTest_taskMain_beauty_v001.exr",
			"size": 3606535,
			"hash": "test_project_test_asset_renderTest_taskMain_beauty_v001,exr|1701851511,5552578|3606535",
			"sites": [
				{
					"name": "studio",
					"created_dt": {
						"$date": "2023-12-06T08:32:43.114Z"
					}
				}
			]
		}
	]
},
{
	"_id": {
		"$oid": "657031abbc7d7dcc4dfd95ef"
	},
	"schema": "openpype:representation-2.0",
	"type": "representation",
	"parent": {
		"$oid": "657031abbc7d7dcc4dfd95ed"
	},
	"name": "png_exr",
	"data": {
		"path": "C:\\Users\\TOKEJE~1\\AppData\\Local\\Temp\\tmpry_wft3l\\output\\test_project\\test_asset\\publish\\render\\renderTest_taskMain_beauty\\v001\\test_project_test_asset_renderTest_taskMain_beauty_v001_png.png",
		"template": "{root[work]}\\{project[name]}\\{hierarchy}\\{asset}\\publish\\{family}\\{subset}\\v{version:0>3}\\{project[code]}_{asset}_{subset}_v{version:0>3}<_{output}><.{frame:0>4}>.{ext}",
		"colorspaceData": {
			"colorspace": "scene-linear Rec 709/sRGB",
			"config": {
				"path": "C:/Program Files/Autodesk/Maya2024/resources/OCIO-configs/Maya-legacy/config.ocio",
				"template": "C:/Program Files/Autodesk/Maya2024/resources/OCIO-configs/Maya-legacy/config.ocio"
			},
			"display": "legacy",
			"view": "sRGB gamma"
		}
	},
	"context": {
		"root": {
			"work": "C:\\Users\\TOKEJE~1\\AppData\\Local\\Temp\\tmpry_wft3l\\output"
		},
		"project": {
			"name": "test_project",
			"code": "test_project"
		},
		"hierarchy": "",
		"asset": "test_asset",
		"family": "render",
		"subset": "renderTest_taskMain_beauty",
		"version": 1,
		"output": "png",
		"ext": "png",
		"task": {
			"name": "test_task",
			"type": "Generic",
			"short": "gener"
		},
		"representation": "png_exr",
		"username": "tokejepsen",
		"user": "tokejepsen"
	},
	"files": [
		{
			"_id": {
				"$oid": "657031abbc7d7dcc4dfd95f3"
			},
			"path": "{root[work]}/test_project/test_asset/publish/render/renderTest_taskMain_beauty/v001/test_project_test_asset_renderTest_taskMain_beauty_v001_png.png",
			"size": 562171,
			"hash": "test_project_test_asset_renderTest_taskMain_beauty_v001_png,png|1701851562,701477|562171",
			"sites": [
				{
					"name": "studio",
					"created_dt": {
						"$date": "2023-12-06T08:32:43.114Z"
					}
				}
			]
		}
	]
},
{
	"_id": {
		"$oid": "657031abbc7d7dcc4dfd95f0"
	},
	"schema": "openpype:representation-2.0",
	"type": "representation",
	"parent": {
		"$oid": "657031abbc7d7dcc4dfd95ed"
	},
	"name": "thumbnail",
	"data": {
		"path": "C:\\Users\\TOKEJE~1\\AppData\\Local\\Temp\\tmpry_wft3l\\output\\test_project\\test_asset\\publish\\render\\renderTest_taskMain_beauty\\v001\\test_project_test_asset_renderTest_taskMain_beauty_v001.jpg",
		"template": "{root[work]}\\{project[name]}\\{hierarchy}\\{asset}\\publish\\{family}\\{subset}\\v{version:0>3}\\{project[code]}_{asset}_{subset}_v{version:0>3}<_{output}><.{frame:0>4}>.{ext}"
	},
	"context": {
		"root": {
			"work": "C:\\Users\\TOKEJE~1\\AppData\\Local\\Temp\\tmpry_wft3l\\output"
		},
		"project": {
			"name": "test_project",
			"code": "test_project"
		},
		"hierarchy": "",
		"asset": "test_asset",
		"family": "render",
		"subset": "renderTest_taskMain_beauty",
		"version": 1,
		"ext": "jpg",
		"task": {
			"name": "test_task",
			"type": "Generic",
			"short": "gener"
		},
		"representation": "thumbnail",
		"username": "tokejepsen",
		"user": "tokejepsen"
	},
	"files": [
		{
			"_id": {
				"$oid": "657031abbc7d7dcc4dfd95f5"
			},
			"path": "{root[work]}/test_project/test_asset/publish/render/renderTest_taskMain_beauty/v001/test_project_test_asset_renderTest_taskMain_beauty_v001.jpg",
			"size": 51694,
			"hash": "test_project_test_asset_renderTest_taskMain_beauty_v001,jpg|1701851563,0798118|51694",
			"sites": [
				{
					"name": "studio",
					"created_dt": {
						"$date": "2023-12-06T08:32:43.114Z"
					}
				}
			]
		}
	]
}]

